2026-08-11T14:23:13.540819697+12:00	created 'mynotes' and set remote, but pull failed: git error: too many failed authentication attempts
2026-08-11T14:23:51.854796717+12:00	created '2026-08-11 14:23'
2026-08-11T14:24:31.968239140+12:00	'mynotes': committed: added (2026-08-11-14-23.md); push error: git error: too many failed authentication attempts
2026-08-11T14:24:44.979370274+12:00	copied 1 line to clipboard
2026-08-11T14:24:45.376421515+12:00	copied 1 line to clipboard
2026-08-11T14:24:45.684122457+12:00	copied 1 line to clipboard
2026-08-11T14:24:46.291262637+12:00	copied 1 line to clipboard
2026-08-11T14:24:47.086229088+12:00	copied 1 line to clipboard
2026-08-11T14:24:48.092184054+12:00	copied 1 line to clipboard
2026-08-11T14:24:48.976286652+12:00	copied 1 line to clipboard
2026-08-11T14:25:13.927131666+12:00	'mynotes': no changes to commit; push error: git error: too many failed authentication attempts
2026-08-11T14:26:42.394479301+12:00	'mynotes': committed: updated (2026-08-11-14-23.md); push error: git error: too many failed authentication attempts
2026-08-11T14:27:54.796950026+12:00	deleted '2026-08-11-14-23' (undo: leader+u)
2026-08-11T14:28:10.016033740+12:00	created '2026-08-11 14:28'
2026-08-11T14:32:10.819778933+12:00	renamed to 'credentails'
2026-08-11T14:32:17.908661423+12:00	pull error ('mynotes'): git error: too many failed authentication attempts
2026-08-11T14:34:26.904421028+12:00	'mynotes': committed: added (credentails.md), deleted (2026-08-11-14-23.md); push error: git error: too many failed authentication attempts
2026-08-11T14:34:49.742884358+12:00	opening https://buymeacoffee.com/sazarcode…
2026-08-11T14:35:34.052842529+12:00	theme: catppuccin-macchiato
2026-08-11T14:36:19.276715766+12:00	branch -> 'master'
2026-08-11T14:36:35.594981387+12:00	pull error ('mynotes'): git error: too many failed authentication attempts
2026-08-11T14:40:12.314629422+12:00	notebook 'mynotes': remote set to '***@github.com-vishalbasnet23:vishalbasnet23/mynotes.git'
2026-08-11T14:40:18.869287871+12:00	pull error ('mynotes'): git error: failed to resolve address for github.com-vishalbasnet23: Name or service not known; class=Net (12)
2026-08-11T14:40:53.938295901+12:00	config saved and reloaded
2026-08-11T14:41:28.258361850+12:00	notebook 'mynotes': remote set to '***@github.com-vishalbasnet23:vishalbasnet23/mynotes.git'
2026-08-11T14:41:33.397051111+12:00	'mynotes': no changes to commit; push error: git error: failed to resolve address for github.com-vishalbasnet23: Name or service not known; class=Net (12)
2026-08-11T14:41:36.039234091+12:00	'mynotes': no changes to commit; push error: git error: failed to resolve address for github.com-vishalbasnet23: Name or service not known; class=Net (12)
2026-08-11T14:41:38.588227466+12:00	'mynotes': no changes to commit; push error: git error: failed to resolve address for github.com-vishalbasnet23: Name or service not known; class=Net (12)
